I'm sorry, but errors were detected in your script. Please correct the
errors listed below, and try again.


File "game/terminal.rpy", line 526: 'xpadding' is not a keyword argument or valid child of the text statement.
    xpadding 16
            ^

Ren'Py Version: Ren'Py 8.3.7.25031702
Mon Mar 23 18:57:30 2026
